◆ Saltbox Facts 2 roles · 3 instances · 4 facts
╭──────────────────────────────────────────────────────────────────────────────╮
│ FACT TREE │
│ │
│ ▾ plex (2 instances) │
│ ▾ 4k (1 facts) │
│ • token │
│ ▾ main (2 facts) │
│ • hos╭──────────────────────────────────╮ │
│ • tok│ ACTIONS │ │
╰────────────│ │──────────────────────────────╯
╭────────────│ Edit value │──────────────────────────────╮
│ INSPECTOR │ Add sibling fact │ │
│ │ Stage fact deletion │ │
│ Role: │ │ │
│ Instance: │ ↑/↓ choose Enter run Esc close │ │
│ Key: ╰──────────────────────────────────╯ │
│ Status: unchanged │
│ Value: plain-secret │
╰──────────────────────────────────────────────────────────────────────────────╯
────────────────────────────────────────────────────────────────────────────────
↑/↓ navigate → expand ← collapse/parent Enter/e edit a add sibling fa…
clean Locks: 0 Mouse: click select · wheel navigate · right-click actio…
/ search x expand c collapse [/] inspect s review changes q quit
